\BOOKMARK [1][-]{section.1}{Introduction}{}%
\BOOKMARK [2][-]{subsection.1.1}{Background}{section.1}%
\BOOKMARK [2][-]{subsection.1.2}{Problem Statement}{section.1}%
\BOOKMARK [2][-]{subsection.1.3}{Research Gap}{section.1}%
\BOOKMARK [2][-]{subsection.1.4}{Contributions}{section.1}%
\BOOKMARK [2][-]{subsection.1.5}{Paper Structure}{section.1}%
\BOOKMARK [1][-]{section.2}{Background and Related Work}{}%
\BOOKMARK [2][-]{subsection.2.1}{Adversarial Machine Learning}{section.2}%
\BOOKMARK [2][-]{subsection.2.2}{Intrusion Detection Systems}{section.2}%
\BOOKMARK [2][-]{subsection.2.3}{Multi-Armed Bandit Theory}{section.2}%
\BOOKMARK [2][-]{subsection.2.4}{TLS Fingerprinting: JA3 and JA4}{section.2}%
\BOOKMARK [2][-]{subsection.2.5}{Evasion Stealth Metric: Jensen-Shannon Divergence}{section.2}%
\BOOKMARK [1][-]{section.3}{Methodology}{}%
\BOOKMARK [2][-]{subsection.3.1}{AETG Architecture Overview}{section.3}%
\BOOKMARK [2][-]{subsection.3.2}{Component Descriptions}{section.3}%
\BOOKMARK [2][-]{subsection.3.3}{JA3/J4 Randomization}{section.3}%
\BOOKMARK [2][-]{subsection.3.4}{Adaptive Evasion via LinUCB with Redis Feedback Loop}{section.3}%
\BOOKMARK [2][-]{subsection.3.5}{Evasion Stealth Metric (ESM) --- Detailed Formulation}{section.3}%
\BOOKMARK [2][-]{subsection.3.6}{Threat Model}{section.3}%
\BOOKMARK [2][-]{subsection.3.7}{Limitations}{section.3}%
\BOOKMARK [2][-]{subsection.3.8}{Experimental Setup}{section.3}%
\BOOKMARK [1][-]{section.4}{Implementation}{}%
\BOOKMARK [2][-]{subsection.4.1}{System Architecture}{section.4}%
\BOOKMARK [2][-]{subsection.4.2}{Core Modules}{section.4}%
\BOOKMARK [2][-]{subsection.4.3}{Redis Feedback Loop Integration}{section.4}%
\BOOKMARK [2][-]{subsection.4.4}{Integration with mini-SOC}{section.4}%
\BOOKMARK [2][-]{subsection.4.5}{Engineering Challenges and Solutions}{section.4}%
\BOOKMARK [2][-]{subsection.4.6}{Deployment and Execution}{section.4}%
\BOOKMARK [1][-]{section.5}{Experimental Results}{}%
\BOOKMARK [2][-]{subsection.5.1}{Experimental Setup}{section.5}%
\BOOKMARK [2][-]{subsection.5.2}{Evasion Rate: Random vs. LinUCB (Calibration Environment)}{section.5}%
\BOOKMARK [2][-]{subsection.5.3}{Strategy Distribution}{section.5}%
\BOOKMARK [2][-]{subsection.5.4}{Adaptation Speed}{section.5}%
\BOOKMARK [2][-]{subsection.5.5}{Stealth Analysis (ESM)}{section.5}%
\BOOKMARK [2][-]{subsection.5.6}{Comparison with Baselines (Calibration Environment)}{section.5}%
\BOOKMARK [2][-]{subsection.5.7}{Statistical Significance}{section.5}%
\BOOKMARK [2][-]{subsection.5.8}{False Positive Impact}{section.5}%
\BOOKMARK [2][-]{subsection.5.9}{Mini-SOC Integration Status}{section.5}%
\BOOKMARK [2][-]{subsection.5.10}{Limitations of Results}{section.5}%
\BOOKMARK [1][-]{section.6}{Discussion}{}%
\BOOKMARK [2][-]{subsection.6.1}{Interpretation of Results}{section.6}%
\BOOKMARK [2][-]{subsection.6.2}{Implications for IDS Deployment}{section.6}%
\BOOKMARK [2][-]{subsection.6.3}{Comparison with State-of-the-Art}{section.6}%
\BOOKMARK [2][-]{subsection.6.4}{Limitations}{section.6}%
\BOOKMARK [2][-]{subsection.6.5}{Future Work}{section.6}%
\BOOKMARK [1][-]{section.7}{Conclusion}{}%
\BOOKMARK [2][-]{subsection.7.1}{Summary of Contributions}{section.7}%
\BOOKMARK [2][-]{subsection.7.2}{Key Findings}{section.7}%
\BOOKMARK [2][-]{subsection.7.3}{Practical Implications}{section.7}%
\BOOKMARK [2][-]{subsection.7.4}{Closing Remarks}{section.7}%
\BOOKMARK [1][-]{section.8}{Acknowledgments}{}%
\BOOKMARK [1][-]{section.9}{References}{}%
